{
  "version": "1.5.0",
  "plugins_used": [
    {
      "name": "ArtifactoryDetector"
    },
    {
      "name": "AWSKeyDetector"
    },
    {
      "name": "AzureStorageKeyDetector"
    },
    {
      "name": "Base64HighEntropyString",
      "limit": 4.5
    },
    {
      "name": "BasicAuthDetector"
    },
    {
      "name": "CloudantDetector"
    },
    {
      "name": "DiscordBotTokenDetector"
    },
    {
      "name": "GitHubTokenDetector"
    },
    {
      "name": "GitLabTokenDetector"
    },
    {
      "name": "HexHighEntropyString",
      "limit": 3.0
    },
    {
      "name": "IbmCloudIamDetector"
    },
    {
      "name": "IbmCosHmacDetector"
    },
    {
      "name": "IPPublicDetector"
    },
    {
      "name": "JwtTokenDetector"
    },
    {
      "name": "KeywordDetector",
      "keyword_exclude": ""
    },
    {
      "name": "MailchimpDetector"
    },
    {
      "name": "NpmDetector"
    },
    {
      "name": "OpenAIDetector"
    },
    {
      "name": "PrivateKeyDetector"
    },
    {
      "name": "PypiTokenDetector"
    },
    {
      "name": "SendGridDetector"
    },
    {
      "name": "SlackDetector"
    },
    {
      "name": "SoftlayerDetector"
    },
    {
      "name": "SquareOAuthDetector"
    },
    {
      "name": "StripeDetector"
    },
    {
      "name": "TelegramBotTokenDetector"
    },
    {
      "name": "TwilioKeyDetector"
    }
  ],
  "filters_used": [
    {
      "path": "detect_secrets.filters.allowlist.is_line_allowlisted"
    },
    {
      "path": "detect_secrets.filters.common.is_baseline_file",
      "filename": ".secrets.baseline"
    },
    {
      "path": "detect_secrets.filters.common.is_ignored_due_to_verification_policies",
      "min_level": 2
    },
    {
      "path": "detect_secrets.filters.heuristic.is_indirect_reference"
    },
    {
      "path": "detect_secrets.filters.heuristic.is_likely_id_string"
    },
    {
      "path": "detect_secrets.filters.heuristic.is_lock_file"
    },
    {
      "path": "detect_secrets.filters.heuristic.is_not_alphanumeric_string"
    },
    {
      "path": "detect_secrets.filters.heuristic.is_potential_uuid"
    },
    {
      "path": "detect_secrets.filters.heuristic.is_prefixed_with_dollar_sign"
    },
    {
      "path": "detect_secrets.filters.heuristic.is_sequential_string"
    },
    {
      "path": "detect_secrets.filters.heuristic.is_swagger_file"
    },
    {
      "path": "detect_secrets.filters.heuristic.is_templated_secret"
    },
    {
      "path": "detect_secrets.filters.regex.should_exclude_file",
      "pattern": [
        "\\.secrets\\.baseline",
        "secrets\\.env\\.example",
        "bundle\\.yaml",
        "/target/",
        "node_modules",
        "\\.git/"
      ]
    }
  ],
  "results": {
    ".github/workflows/ci.yml": [
      {
        "type": "Secret Keyword",
        "filename": ".github/workflows/ci.yml",
        "hashed_secret": "b9806b1a7aaae7c7f2bd0ae2ffab7dcedb28ba02",
        "is_verified": false,
        "line_number": 32
      }
    ],
    ".github/workflows/deploy-kubernetes.yml": [
      {
        "type": "Secret Keyword",
        "filename": ".github/workflows/deploy-kubernetes.yml",
        "hashed_secret": "5ffe533b830f08a0326348a9160afafc8ada44db",
        "is_verified": false,
        "line_number": 37
      }
    ],
    "PRD.md": [
      {
        "type": "Secret Keyword",
        "filename": "PRD.md",
        "hashed_secret": "7a0fafc74a6314a465fbe0737c0b88a4dda27660",
        "is_verified": false,
        "line_number": 123
      }
    ],
    "frontend/src/app/domains/auth/features/login/login.spec.ts": [
      {
        "type": "Secret Keyword",
        "filename": "frontend/src/app/domains/auth/features/login/login.spec.ts",
        "hashed_secret": "cbfdac6008f9cab4083784cbd1874f76618d2a97",
        "is_verified": false,
        "line_number": 51
      }
    ],
    "gateways/http-gateway/src/test/resources/application-circuit-breaker-test.yml": [
      {
        "type": "Secret Keyword",
        "filename": "gateways/http-gateway/src/test/resources/application-circuit-breaker-test.yml",
        "hashed_secret": "fe1bae27cb7c1fb823f496f286e78f1d2ae87734",
        "is_verified": false,
        "line_number": 13
      }
    ],
    "gateways/http-gateway/src/test/resources/application-test.yml": [
      {
        "type": "Secret Keyword",
        "filename": "gateways/http-gateway/src/test/resources/application-test.yml",
        "hashed_secret": "fe1bae27cb7c1fb823f496f286e78f1d2ae87734",
        "is_verified": false,
        "line_number": 13
      }
    ],
    "infrastructure/k8s/setup-env.sh": [
      {
        "type": "Secret Keyword",
        "filename": "infrastructure/k8s/setup-env.sh",
        "hashed_secret": "5ffe533b830f08a0326348a9160afafc8ada44db",
        "is_verified": false,
        "line_number": 28
      },
      {
        "type": "Secret Keyword",
        "filename": "infrastructure/k8s/setup-env.sh",
        "hashed_secret": "7cb6efb98ba5972a9b5090dc2e517fe14d12cb04",
        "is_verified": false,
        "line_number": 36
      }
    ],
    "infrastructure/k8s/shared/external-secrets/manifests/dev/auth-postgres-secrets.yaml": [
      {
        "type": "Secret Keyword",
        "filename": "infrastructure/k8s/shared/external-secrets/manifests/dev/auth-postgres-secrets.yaml",
        "hashed_secret": "bdc35f6c019bedd4aa64a51ffcdf89867c618837",
        "is_verified": false,
        "line_number": 14
      },
      {
        "type": "Secret Keyword",
        "filename": "infrastructure/k8s/shared/external-secrets/manifests/dev/auth-postgres-secrets.yaml",
        "hashed_secret": "949df9201e091dd8ffc79f0842fd26abf90111ed",
        "is_verified": false,
        "line_number": 18
      },
      {
        "type": "Secret Keyword",
        "filename": "infrastructure/k8s/shared/external-secrets/manifests/dev/auth-postgres-secrets.yaml",
        "hashed_secret": "bd04cfb3fa0d4d292ec18271055e3551f0a98b54",
        "is_verified": false,
        "line_number": 22
      },
      {
        "type": "Secret Keyword",
        "filename": "infrastructure/k8s/shared/external-secrets/manifests/dev/auth-postgres-secrets.yaml",
        "hashed_secret": "2d50dea9cab1bb54f75d6a5b0f5c6bffb537272b",
        "is_verified": false,
        "line_number": 26
      },
      {
        "type": "Secret Keyword",
        "filename": "infrastructure/k8s/shared/external-secrets/manifests/dev/auth-postgres-secrets.yaml",
        "hashed_secret": "a9f973a1123289d9e46ac7e0cc51ad833f41df75",
        "is_verified": false,
        "line_number": 30
      },
      {
        "type": "Secret Keyword",
        "filename": "infrastructure/k8s/shared/external-secrets/manifests/dev/auth-postgres-secrets.yaml",
        "hashed_secret": "10e4350b9b3ae498943b890e97bfda3277dcac84",
        "is_verified": false,
        "line_number": 34
      }
    ],
    "infrastructure/k8s/shared/external-secrets/manifests/dev/auth-service-secrets.yaml": [
      {
        "type": "Secret Keyword",
        "filename": "infrastructure/k8s/shared/external-secrets/manifests/dev/auth-service-secrets.yaml",
        "hashed_secret": "bd04cfb3fa0d4d292ec18271055e3551f0a98b54",
        "is_verified": false,
        "line_number": 14
      },
      {
        "type": "Secret Keyword",
        "filename": "infrastructure/k8s/shared/external-secrets/manifests/dev/auth-service-secrets.yaml",
        "hashed_secret": "2d50dea9cab1bb54f75d6a5b0f5c6bffb537272b",
        "is_verified": false,
        "line_number": 18
      },
      {
        "type": "Secret Keyword",
        "filename": "infrastructure/k8s/shared/external-secrets/manifests/dev/auth-service-secrets.yaml",
        "hashed_secret": "a9f973a1123289d9e46ac7e0cc51ad833f41df75",
        "is_verified": false,
        "line_number": 22
      },
      {
        "type": "Secret Keyword",
        "filename": "infrastructure/k8s/shared/external-secrets/manifests/dev/auth-service-secrets.yaml",
        "hashed_secret": "10e4350b9b3ae498943b890e97bfda3277dcac84",
        "is_verified": false,
        "line_number": 26
      },
      {
        "type": "Secret Keyword",
        "filename": "infrastructure/k8s/shared/external-secrets/manifests/dev/auth-service-secrets.yaml",
        "hashed_secret": "d21f724a8a269261abee7dccf048bfbeeb2a06fd",
        "is_verified": false,
        "line_number": 30
      },
      {
        "type": "Secret Keyword",
        "filename": "infrastructure/k8s/shared/external-secrets/manifests/dev/auth-service-secrets.yaml",
        "hashed_secret": "b16b59fb68ddd0312812962a2ff2534164f5513a",
        "is_verified": false,
        "line_number": 34
      },
      {
        "type": "Secret Keyword",
        "filename": "infrastructure/k8s/shared/external-secrets/manifests/dev/auth-service-secrets.yaml",
        "hashed_secret": "aaaedef8dacf9fc0486f2bdab4b0b2368ab4fd04",
        "is_verified": false,
        "line_number": 38
      },
      {
        "type": "Secret Keyword",
        "filename": "infrastructure/k8s/shared/external-secrets/manifests/dev/auth-service-secrets.yaml",
        "hashed_secret": "45678387e6b71125bbc6c3d81987370ade1ffa36",
        "is_verified": false,
        "line_number": 42
      },
      {
        "type": "Secret Keyword",
        "filename": "infrastructure/k8s/shared/external-secrets/manifests/dev/auth-service-secrets.yaml",
        "hashed_secret": "77cfc6e934f130b191613441cda38a66aa49eaef",
        "is_verified": false,
        "line_number": 46
      }
    ],
    "infrastructure/k8s/shared/external-secrets/manifests/dev/gateway-secrets.yaml": [
      {
        "type": "Secret Keyword",
        "filename": "infrastructure/k8s/shared/external-secrets/manifests/dev/gateway-secrets.yaml",
        "hashed_secret": "3b605979d33fed586e81eb9e2179da3019a25e09",
        "is_verified": false,
        "line_number": 14
      }
    ],
    "infrastructure/k8s/shared/external-secrets/manifests/dev/keycloak-secrets.yaml": [
      {
        "type": "Secret Keyword",
        "filename": "infrastructure/k8s/shared/external-secrets/manifests/dev/keycloak-secrets.yaml",
        "hashed_secret": "45678387e6b71125bbc6c3d81987370ade1ffa36",
        "is_verified": false,
        "line_number": 14
      },
      {
        "type": "Secret Keyword",
        "filename": "infrastructure/k8s/shared/external-secrets/manifests/dev/keycloak-secrets.yaml",
        "hashed_secret": "77cfc6e934f130b191613441cda38a66aa49eaef",
        "is_verified": false,
        "line_number": 18
      },
      {
        "type": "Secret Keyword",
        "filename": "infrastructure/k8s/shared/external-secrets/manifests/dev/keycloak-secrets.yaml",
        "hashed_secret": "aaaedef8dacf9fc0486f2bdab4b0b2368ab4fd04",
        "is_verified": false,
        "line_number": 22
      }
    ],
    "infrastructure/k8s/shared/external-secrets/manifests/dev/rabbitmq-secrets.yaml": [
      {
        "type": "Secret Keyword",
        "filename": "infrastructure/k8s/shared/external-secrets/manifests/dev/rabbitmq-secrets.yaml",
        "hashed_secret": "3b7f9170a88bee41e3e15b94e8cd3ea9441f6cc7",
        "is_verified": false,
        "line_number": 14
      },
      {
        "type": "Secret Keyword",
        "filename": "infrastructure/k8s/shared/external-secrets/manifests/dev/rabbitmq-secrets.yaml",
        "hashed_secret": "55f0993258b1036af24ace7ba99215abf4b35242",
        "is_verified": false,
        "line_number": 18
      },
      {
        "type": "Secret Keyword",
        "filename": "infrastructure/k8s/shared/external-secrets/manifests/dev/rabbitmq-secrets.yaml",
        "hashed_secret": "d21f724a8a269261abee7dccf048bfbeeb2a06fd",
        "is_verified": false,
        "line_number": 22
      },
      {
        "type": "Secret Keyword",
        "filename": "infrastructure/k8s/shared/external-secrets/manifests/dev/rabbitmq-secrets.yaml",
        "hashed_secret": "b16b59fb68ddd0312812962a2ff2534164f5513a",
        "is_verified": false,
        "line_number": 26
      }
    ],
    "infrastructure/k8s/shared/external-secrets/manifests/dev/user-postgres-secrets.yaml": [
      {
        "type": "Secret Keyword",
        "filename": "infrastructure/k8s/shared/external-secrets/manifests/dev/user-postgres-secrets.yaml",
        "hashed_secret": "bdc35f6c019bedd4aa64a51ffcdf89867c618837",
        "is_verified": false,
        "line_number": 14
      },
      {
        "type": "Secret Keyword",
        "filename": "infrastructure/k8s/shared/external-secrets/manifests/dev/user-postgres-secrets.yaml",
        "hashed_secret": "949df9201e091dd8ffc79f0842fd26abf90111ed",
        "is_verified": false,
        "line_number": 18
      },
      {
        "type": "Secret Keyword",
        "filename": "infrastructure/k8s/shared/external-secrets/manifests/dev/user-postgres-secrets.yaml",
        "hashed_secret": "bd04cfb3fa0d4d292ec18271055e3551f0a98b54",
        "is_verified": false,
        "line_number": 22
      },
      {
        "type": "Secret Keyword",
        "filename": "infrastructure/k8s/shared/external-secrets/manifests/dev/user-postgres-secrets.yaml",
        "hashed_secret": "2d50dea9cab1bb54f75d6a5b0f5c6bffb537272b",
        "is_verified": false,
        "line_number": 26
      },
      {
        "type": "Secret Keyword",
        "filename": "infrastructure/k8s/shared/external-secrets/manifests/dev/user-postgres-secrets.yaml",
        "hashed_secret": "a9f973a1123289d9e46ac7e0cc51ad833f41df75",
        "is_verified": false,
        "line_number": 30
      },
      {
        "type": "Secret Keyword",
        "filename": "infrastructure/k8s/shared/external-secrets/manifests/dev/user-postgres-secrets.yaml",
        "hashed_secret": "10e4350b9b3ae498943b890e97bfda3277dcac84",
        "is_verified": false,
        "line_number": 34
      }
    ],
    "infrastructure/k8s/shared/external-secrets/manifests/dev/user-service-secrets.yaml": [
      {
        "type": "Secret Keyword",
        "filename": "infrastructure/k8s/shared/external-secrets/manifests/dev/user-service-secrets.yaml",
        "hashed_secret": "3b605979d33fed586e81eb9e2179da3019a25e09",
        "is_verified": false,
        "line_number": 14
      },
      {
        "type": "Secret Keyword",
        "filename": "infrastructure/k8s/shared/external-secrets/manifests/dev/user-service-secrets.yaml",
        "hashed_secret": "bd04cfb3fa0d4d292ec18271055e3551f0a98b54",
        "is_verified": false,
        "line_number": 18
      },
      {
        "type": "Secret Keyword",
        "filename": "infrastructure/k8s/shared/external-secrets/manifests/dev/user-service-secrets.yaml",
        "hashed_secret": "2d50dea9cab1bb54f75d6a5b0f5c6bffb537272b",
        "is_verified": false,
        "line_number": 22
      },
      {
        "type": "Secret Keyword",
        "filename": "infrastructure/k8s/shared/external-secrets/manifests/dev/user-service-secrets.yaml",
        "hashed_secret": "a9f973a1123289d9e46ac7e0cc51ad833f41df75",
        "is_verified": false,
        "line_number": 26
      },
      {
        "type": "Secret Keyword",
        "filename": "infrastructure/k8s/shared/external-secrets/manifests/dev/user-service-secrets.yaml",
        "hashed_secret": "10e4350b9b3ae498943b890e97bfda3277dcac84",
        "is_verified": false,
        "line_number": 30
      },
      {
        "type": "Secret Keyword",
        "filename": "infrastructure/k8s/shared/external-secrets/manifests/dev/user-service-secrets.yaml",
        "hashed_secret": "d21f724a8a269261abee7dccf048bfbeeb2a06fd",
        "is_verified": false,
        "line_number": 34
      },
      {
        "type": "Secret Keyword",
        "filename": "infrastructure/k8s/shared/external-secrets/manifests/dev/user-service-secrets.yaml",
        "hashed_secret": "b16b59fb68ddd0312812962a2ff2534164f5513a",
        "is_verified": false,
        "line_number": 38
      }
    ],
    "infrastructure/k8s/shared/external-secrets/manifests/prod/auth-postgres-secrets.yaml": [
      {
        "type": "Secret Keyword",
        "filename": "infrastructure/k8s/shared/external-secrets/manifests/prod/auth-postgres-secrets.yaml",
        "hashed_secret": "bdc35f6c019bedd4aa64a51ffcdf89867c618837",
        "is_verified": false,
        "line_number": 14
      },
      {
        "type": "Secret Keyword",
        "filename": "infrastructure/k8s/shared/external-secrets/manifests/prod/auth-postgres-secrets.yaml",
        "hashed_secret": "949df9201e091dd8ffc79f0842fd26abf90111ed",
        "is_verified": false,
        "line_number": 18
      },
      {
        "type": "Secret Keyword",
        "filename": "infrastructure/k8s/shared/external-secrets/manifests/prod/auth-postgres-secrets.yaml",
        "hashed_secret": "bd04cfb3fa0d4d292ec18271055e3551f0a98b54",
        "is_verified": false,
        "line_number": 22
      },
      {
        "type": "Secret Keyword",
        "filename": "infrastructure/k8s/shared/external-secrets/manifests/prod/auth-postgres-secrets.yaml",
        "hashed_secret": "2d50dea9cab1bb54f75d6a5b0f5c6bffb537272b",
        "is_verified": false,
        "line_number": 26
      },
      {
        "type": "Secret Keyword",
        "filename": "infrastructure/k8s/shared/external-secrets/manifests/prod/auth-postgres-secrets.yaml",
        "hashed_secret": "a9f973a1123289d9e46ac7e0cc51ad833f41df75",
        "is_verified": false,
        "line_number": 30
      },
      {
        "type": "Secret Keyword",
        "filename": "infrastructure/k8s/shared/external-secrets/manifests/prod/auth-postgres-secrets.yaml",
        "hashed_secret": "10e4350b9b3ae498943b890e97bfda3277dcac84",
        "is_verified": false,
        "line_number": 34
      }
    ],
    "infrastructure/k8s/shared/external-secrets/manifests/prod/auth-service-secrets.yaml": [
      {
        "type": "Secret Keyword",
        "filename": "infrastructure/k8s/shared/external-secrets/manifests/prod/auth-service-secrets.yaml",
        "hashed_secret": "bd04cfb3fa0d4d292ec18271055e3551f0a98b54",
        "is_verified": false,
        "line_number": 14
      },
      {
        "type": "Secret Keyword",
        "filename": "infrastructure/k8s/shared/external-secrets/manifests/prod/auth-service-secrets.yaml",
        "hashed_secret": "2d50dea9cab1bb54f75d6a5b0f5c6bffb537272b",
        "is_verified": false,
        "line_number": 18
      },
      {
        "type": "Secret Keyword",
        "filename": "infrastructure/k8s/shared/external-secrets/manifests/prod/auth-service-secrets.yaml",
        "hashed_secret": "a9f973a1123289d9e46ac7e0cc51ad833f41df75",
        "is_verified": false,
        "line_number": 22
      },
      {
        "type": "Secret Keyword",
        "filename": "infrastructure/k8s/shared/external-secrets/manifests/prod/auth-service-secrets.yaml",
        "hashed_secret": "10e4350b9b3ae498943b890e97bfda3277dcac84",
        "is_verified": false,
        "line_number": 26
      },
      {
        "type": "Secret Keyword",
        "filename": "infrastructure/k8s/shared/external-secrets/manifests/prod/auth-service-secrets.yaml",
        "hashed_secret": "d21f724a8a269261abee7dccf048bfbeeb2a06fd",
        "is_verified": false,
        "line_number": 30
      },
      {
        "type": "Secret Keyword",
        "filename": "infrastructure/k8s/shared/external-secrets/manifests/prod/auth-service-secrets.yaml",
        "hashed_secret": "b16b59fb68ddd0312812962a2ff2534164f5513a",
        "is_verified": false,
        "line_number": 34
      },
      {
        "type": "Secret Keyword",
        "filename": "infrastructure/k8s/shared/external-secrets/manifests/prod/auth-service-secrets.yaml",
        "hashed_secret": "aaaedef8dacf9fc0486f2bdab4b0b2368ab4fd04",
        "is_verified": false,
        "line_number": 38
      },
      {
        "type": "Secret Keyword",
        "filename": "infrastructure/k8s/shared/external-secrets/manifests/prod/auth-service-secrets.yaml",
        "hashed_secret": "45678387e6b71125bbc6c3d81987370ade1ffa36",
        "is_verified": false,
        "line_number": 42
      },
      {
        "type": "Secret Keyword",
        "filename": "infrastructure/k8s/shared/external-secrets/manifests/prod/auth-service-secrets.yaml",
        "hashed_secret": "77cfc6e934f130b191613441cda38a66aa49eaef",
        "is_verified": false,
        "line_number": 46
      },
      {
        "type": "Secret Keyword",
        "filename": "infrastructure/k8s/shared/external-secrets/manifests/prod/auth-service-secrets.yaml",
        "hashed_secret": "71261c6e56478f5723e177c0e6bda323d4974563",
        "is_verified": false,
        "line_number": 50
      }
    ],
    "infrastructure/k8s/shared/external-secrets/manifests/prod/gateway-secrets.yaml": [
      {
        "type": "Secret Keyword",
        "filename": "infrastructure/k8s/shared/external-secrets/manifests/prod/gateway-secrets.yaml",
        "hashed_secret": "3b605979d33fed586e81eb9e2179da3019a25e09",
        "is_verified": false,
        "line_number": 14
      }
    ],
    "infrastructure/k8s/shared/external-secrets/manifests/prod/keycloak-secrets.yaml": [
      {
        "type": "Secret Keyword",
        "filename": "infrastructure/k8s/shared/external-secrets/manifests/prod/keycloak-secrets.yaml",
        "hashed_secret": "45678387e6b71125bbc6c3d81987370ade1ffa36",
        "is_verified": false,
        "line_number": 14
      },
      {
        "type": "Secret Keyword",
        "filename": "infrastructure/k8s/shared/external-secrets/manifests/prod/keycloak-secrets.yaml",
        "hashed_secret": "77cfc6e934f130b191613441cda38a66aa49eaef",
        "is_verified": false,
        "line_number": 18
      },
      {
        "type": "Secret Keyword",
        "filename": "infrastructure/k8s/shared/external-secrets/manifests/prod/keycloak-secrets.yaml",
        "hashed_secret": "aaaedef8dacf9fc0486f2bdab4b0b2368ab4fd04",
        "is_verified": false,
        "line_number": 22
      }
    ],
    "infrastructure/k8s/shared/external-secrets/manifests/prod/rabbitmq-secrets.yaml": [
      {
        "type": "Secret Keyword",
        "filename": "infrastructure/k8s/shared/external-secrets/manifests/prod/rabbitmq-secrets.yaml",
        "hashed_secret": "3b7f9170a88bee41e3e15b94e8cd3ea9441f6cc7",
        "is_verified": false,
        "line_number": 14
      },
      {
        "type": "Secret Keyword",
        "filename": "infrastructure/k8s/shared/external-secrets/manifests/prod/rabbitmq-secrets.yaml",
        "hashed_secret": "55f0993258b1036af24ace7ba99215abf4b35242",
        "is_verified": false,
        "line_number": 18
      },
      {
        "type": "Secret Keyword",
        "filename": "infrastructure/k8s/shared/external-secrets/manifests/prod/rabbitmq-secrets.yaml",
        "hashed_secret": "d21f724a8a269261abee7dccf048bfbeeb2a06fd",
        "is_verified": false,
        "line_number": 22
      },
      {
        "type": "Secret Keyword",
        "filename": "infrastructure/k8s/shared/external-secrets/manifests/prod/rabbitmq-secrets.yaml",
        "hashed_secret": "b16b59fb68ddd0312812962a2ff2534164f5513a",
        "is_verified": false,
        "line_number": 26
      }
    ],
    "infrastructure/k8s/shared/external-secrets/manifests/prod/user-postgres-secrets.yaml": [
      {
        "type": "Secret Keyword",
        "filename": "infrastructure/k8s/shared/external-secrets/manifests/prod/user-postgres-secrets.yaml",
        "hashed_secret": "bdc35f6c019bedd4aa64a51ffcdf89867c618837",
        "is_verified": false,
        "line_number": 14
      },
      {
        "type": "Secret Keyword",
        "filename": "infrastructure/k8s/shared/external-secrets/manifests/prod/user-postgres-secrets.yaml",
        "hashed_secret": "949df9201e091dd8ffc79f0842fd26abf90111ed",
        "is_verified": false,
        "line_number": 18
      },
      {
        "type": "Secret Keyword",
        "filename": "infrastructure/k8s/shared/external-secrets/manifests/prod/user-postgres-secrets.yaml",
        "hashed_secret": "bd04cfb3fa0d4d292ec18271055e3551f0a98b54",
        "is_verified": false,
        "line_number": 22
      },
      {
        "type": "Secret Keyword",
        "filename": "infrastructure/k8s/shared/external-secrets/manifests/prod/user-postgres-secrets.yaml",
        "hashed_secret": "2d50dea9cab1bb54f75d6a5b0f5c6bffb537272b",
        "is_verified": false,
        "line_number": 26
      },
      {
        "type": "Secret Keyword",
        "filename": "infrastructure/k8s/shared/external-secrets/manifests/prod/user-postgres-secrets.yaml",
        "hashed_secret": "a9f973a1123289d9e46ac7e0cc51ad833f41df75",
        "is_verified": false,
        "line_number": 30
      },
      {
        "type": "Secret Keyword",
        "filename": "infrastructure/k8s/shared/external-secrets/manifests/prod/user-postgres-secrets.yaml",
        "hashed_secret": "10e4350b9b3ae498943b890e97bfda3277dcac84",
        "is_verified": false,
        "line_number": 34
      }
    ],
    "infrastructure/k8s/shared/external-secrets/manifests/prod/user-service-secrets.yaml": [
      {
        "type": "Secret Keyword",
        "filename": "infrastructure/k8s/shared/external-secrets/manifests/prod/user-service-secrets.yaml",
        "hashed_secret": "3b605979d33fed586e81eb9e2179da3019a25e09",
        "is_verified": false,
        "line_number": 14
      },
      {
        "type": "Secret Keyword",
        "filename": "infrastructure/k8s/shared/external-secrets/manifests/prod/user-service-secrets.yaml",
        "hashed_secret": "bd04cfb3fa0d4d292ec18271055e3551f0a98b54",
        "is_verified": false,
        "line_number": 18
      },
      {
        "type": "Secret Keyword",
        "filename": "infrastructure/k8s/shared/external-secrets/manifests/prod/user-service-secrets.yaml",
        "hashed_secret": "2d50dea9cab1bb54f75d6a5b0f5c6bffb537272b",
        "is_verified": false,
        "line_number": 22
      },
      {
        "type": "Secret Keyword",
        "filename": "infrastructure/k8s/shared/external-secrets/manifests/prod/user-service-secrets.yaml",
        "hashed_secret": "a9f973a1123289d9e46ac7e0cc51ad833f41df75",
        "is_verified": false,
        "line_number": 26
      },
      {
        "type": "Secret Keyword",
        "filename": "infrastructure/k8s/shared/external-secrets/manifests/prod/user-service-secrets.yaml",
        "hashed_secret": "10e4350b9b3ae498943b890e97bfda3277dcac84",
        "is_verified": false,
        "line_number": 30
      },
      {
        "type": "Secret Keyword",
        "filename": "infrastructure/k8s/shared/external-secrets/manifests/prod/user-service-secrets.yaml",
        "hashed_secret": "d21f724a8a269261abee7dccf048bfbeeb2a06fd",
        "is_verified": false,
        "line_number": 34
      },
      {
        "type": "Secret Keyword",
        "filename": "infrastructure/k8s/shared/external-secrets/manifests/prod/user-service-secrets.yaml",
        "hashed_secret": "b16b59fb68ddd0312812962a2ff2534164f5513a",
        "is_verified": false,
        "line_number": 38
      }
    ],
    "infrastructure/k8s/shared/external-secrets/manifests/staging/auth-postgres-secrets.yaml": [
      {
        "type": "Secret Keyword",
        "filename": "infrastructure/k8s/shared/external-secrets/manifests/staging/auth-postgres-secrets.yaml",
        "hashed_secret": "bdc35f6c019bedd4aa64a51ffcdf89867c618837",
        "is_verified": false,
        "line_number": 14
      },
      {
        "type": "Secret Keyword",
        "filename": "infrastructure/k8s/shared/external-secrets/manifests/staging/auth-postgres-secrets.yaml",
        "hashed_secret": "949df9201e091dd8ffc79f0842fd26abf90111ed",
        "is_verified": false,
        "line_number": 18
      },
      {
        "type": "Secret Keyword",
        "filename": "infrastructure/k8s/shared/external-secrets/manifests/staging/auth-postgres-secrets.yaml",
        "hashed_secret": "bd04cfb3fa0d4d292ec18271055e3551f0a98b54",
        "is_verified": false,
        "line_number": 22
      },
      {
        "type": "Secret Keyword",
        "filename": "infrastructure/k8s/shared/external-secrets/manifests/staging/auth-postgres-secrets.yaml",
        "hashed_secret": "2d50dea9cab1bb54f75d6a5b0f5c6bffb537272b",
        "is_verified": false,
        "line_number": 26
      },
      {
        "type": "Secret Keyword",
        "filename": "infrastructure/k8s/shared/external-secrets/manifests/staging/auth-postgres-secrets.yaml",
        "hashed_secret": "a9f973a1123289d9e46ac7e0cc51ad833f41df75",
        "is_verified": false,
        "line_number": 30
      },
      {
        "type": "Secret Keyword",
        "filename": "infrastructure/k8s/shared/external-secrets/manifests/staging/auth-postgres-secrets.yaml",
        "hashed_secret": "10e4350b9b3ae498943b890e97bfda3277dcac84",
        "is_verified": false,
        "line_number": 34
      }
    ],
    "infrastructure/k8s/shared/external-secrets/manifests/staging/auth-service-secrets.yaml": [
      {
        "type": "Secret Keyword",
        "filename": "infrastructure/k8s/shared/external-secrets/manifests/staging/auth-service-secrets.yaml",
        "hashed_secret": "bd04cfb3fa0d4d292ec18271055e3551f0a98b54",
        "is_verified": false,
        "line_number": 14
      },
      {
        "type": "Secret Keyword",
        "filename": "infrastructure/k8s/shared/external-secrets/manifests/staging/auth-service-secrets.yaml",
        "hashed_secret": "2d50dea9cab1bb54f75d6a5b0f5c6bffb537272b",
        "is_verified": false,
        "line_number": 18
      },
      {
        "type": "Secret Keyword",
        "filename": "infrastructure/k8s/shared/external-secrets/manifests/staging/auth-service-secrets.yaml",
        "hashed_secret": "a9f973a1123289d9e46ac7e0cc51ad833f41df75",
        "is_verified": false,
        "line_number": 22
      },
      {
        "type": "Secret Keyword",
        "filename": "infrastructure/k8s/shared/external-secrets/manifests/staging/auth-service-secrets.yaml",
        "hashed_secret": "10e4350b9b3ae498943b890e97bfda3277dcac84",
        "is_verified": false,
        "line_number": 26
      },
      {
        "type": "Secret Keyword",
        "filename": "infrastructure/k8s/shared/external-secrets/manifests/staging/auth-service-secrets.yaml",
        "hashed_secret": "d21f724a8a269261abee7dccf048bfbeeb2a06fd",
        "is_verified": false,
        "line_number": 30
      },
      {
        "type": "Secret Keyword",
        "filename": "infrastructure/k8s/shared/external-secrets/manifests/staging/auth-service-secrets.yaml",
        "hashed_secret": "b16b59fb68ddd0312812962a2ff2534164f5513a",
        "is_verified": false,
        "line_number": 34
      },
      {
        "type": "Secret Keyword",
        "filename": "infrastructure/k8s/shared/external-secrets/manifests/staging/auth-service-secrets.yaml",
        "hashed_secret": "aaaedef8dacf9fc0486f2bdab4b0b2368ab4fd04",
        "is_verified": false,
        "line_number": 38
      },
      {
        "type": "Secret Keyword",
        "filename": "infrastructure/k8s/shared/external-secrets/manifests/staging/auth-service-secrets.yaml",
        "hashed_secret": "45678387e6b71125bbc6c3d81987370ade1ffa36",
        "is_verified": false,
        "line_number": 42
      },
      {
        "type": "Secret Keyword",
        "filename": "infrastructure/k8s/shared/external-secrets/manifests/staging/auth-service-secrets.yaml",
        "hashed_secret": "77cfc6e934f130b191613441cda38a66aa49eaef",
        "is_verified": false,
        "line_number": 46
      },
      {
        "type": "Secret Keyword",
        "filename": "infrastructure/k8s/shared/external-secrets/manifests/staging/auth-service-secrets.yaml",
        "hashed_secret": "71261c6e56478f5723e177c0e6bda323d4974563",
        "is_verified": false,
        "line_number": 50
      }
    ],
    "infrastructure/k8s/shared/external-secrets/manifests/staging/gateway-secrets.yaml": [
      {
        "type": "Secret Keyword",
        "filename": "infrastructure/k8s/shared/external-secrets/manifests/staging/gateway-secrets.yaml",
        "hashed_secret": "3b605979d33fed586e81eb9e2179da3019a25e09",
        "is_verified": false,
        "line_number": 14
      }
    ],
    "infrastructure/k8s/shared/external-secrets/manifests/staging/keycloak-secrets.yaml": [
      {
        "type": "Secret Keyword",
        "filename": "infrastructure/k8s/shared/external-secrets/manifests/staging/keycloak-secrets.yaml",
        "hashed_secret": "45678387e6b71125bbc6c3d81987370ade1ffa36",
        "is_verified": false,
        "line_number": 14
      },
      {
        "type": "Secret Keyword",
        "filename": "infrastructure/k8s/shared/external-secrets/manifests/staging/keycloak-secrets.yaml",
        "hashed_secret": "77cfc6e934f130b191613441cda38a66aa49eaef",
        "is_verified": false,
        "line_number": 18
      },
      {
        "type": "Secret Keyword",
        "filename": "infrastructure/k8s/shared/external-secrets/manifests/staging/keycloak-secrets.yaml",
        "hashed_secret": "aaaedef8dacf9fc0486f2bdab4b0b2368ab4fd04",
        "is_verified": false,
        "line_number": 22
      }
    ],
    "infrastructure/k8s/shared/external-secrets/manifests/staging/rabbitmq-secrets.yaml": [
      {
        "type": "Secret Keyword",
        "filename": "infrastructure/k8s/shared/external-secrets/manifests/staging/rabbitmq-secrets.yaml",
        "hashed_secret": "3b7f9170a88bee41e3e15b94e8cd3ea9441f6cc7",
        "is_verified": false,
        "line_number": 14
      },
      {
        "type": "Secret Keyword",
        "filename": "infrastructure/k8s/shared/external-secrets/manifests/staging/rabbitmq-secrets.yaml",
        "hashed_secret": "55f0993258b1036af24ace7ba99215abf4b35242",
        "is_verified": false,
        "line_number": 18
      },
      {
        "type": "Secret Keyword",
        "filename": "infrastructure/k8s/shared/external-secrets/manifests/staging/rabbitmq-secrets.yaml",
        "hashed_secret": "d21f724a8a269261abee7dccf048bfbeeb2a06fd",
        "is_verified": false,
        "line_number": 22
      },
      {
        "type": "Secret Keyword",
        "filename": "infrastructure/k8s/shared/external-secrets/manifests/staging/rabbitmq-secrets.yaml",
        "hashed_secret": "b16b59fb68ddd0312812962a2ff2534164f5513a",
        "is_verified": false,
        "line_number": 26
      }
    ],
    "infrastructure/k8s/shared/external-secrets/manifests/staging/user-postgres-secrets.yaml": [
      {
        "type": "Secret Keyword",
        "filename": "infrastructure/k8s/shared/external-secrets/manifests/staging/user-postgres-secrets.yaml",
        "hashed_secret": "bdc35f6c019bedd4aa64a51ffcdf89867c618837",
        "is_verified": false,
        "line_number": 14
      },
      {
        "type": "Secret Keyword",
        "filename": "infrastructure/k8s/shared/external-secrets/manifests/staging/user-postgres-secrets.yaml",
        "hashed_secret": "949df9201e091dd8ffc79f0842fd26abf90111ed",
        "is_verified": false,
        "line_number": 18
      },
      {
        "type": "Secret Keyword",
        "filename": "infrastructure/k8s/shared/external-secrets/manifests/staging/user-postgres-secrets.yaml",
        "hashed_secret": "bd04cfb3fa0d4d292ec18271055e3551f0a98b54",
        "is_verified": false,
        "line_number": 22
      },
      {
        "type": "Secret Keyword",
        "filename": "infrastructure/k8s/shared/external-secrets/manifests/staging/user-postgres-secrets.yaml",
        "hashed_secret": "2d50dea9cab1bb54f75d6a5b0f5c6bffb537272b",
        "is_verified": false,
        "line_number": 26
      },
      {
        "type": "Secret Keyword",
        "filename": "infrastructure/k8s/shared/external-secrets/manifests/staging/user-postgres-secrets.yaml",
        "hashed_secret": "a9f973a1123289d9e46ac7e0cc51ad833f41df75",
        "is_verified": false,
        "line_number": 30
      },
      {
        "type": "Secret Keyword",
        "filename": "infrastructure/k8s/shared/external-secrets/manifests/staging/user-postgres-secrets.yaml",
        "hashed_secret": "10e4350b9b3ae498943b890e97bfda3277dcac84",
        "is_verified": false,
        "line_number": 34
      }
    ],
    "infrastructure/k8s/shared/external-secrets/manifests/staging/user-service-secrets.yaml": [
      {
        "type": "Secret Keyword",
        "filename": "infrastructure/k8s/shared/external-secrets/manifests/staging/user-service-secrets.yaml",
        "hashed_secret": "3b605979d33fed586e81eb9e2179da3019a25e09",
        "is_verified": false,
        "line_number": 14
      },
      {
        "type": "Secret Keyword",
        "filename": "infrastructure/k8s/shared/external-secrets/manifests/staging/user-service-secrets.yaml",
        "hashed_secret": "bd04cfb3fa0d4d292ec18271055e3551f0a98b54",
        "is_verified": false,
        "line_number": 18
      },
      {
        "type": "Secret Keyword",
        "filename": "infrastructure/k8s/shared/external-secrets/manifests/staging/user-service-secrets.yaml",
        "hashed_secret": "2d50dea9cab1bb54f75d6a5b0f5c6bffb537272b",
        "is_verified": false,
        "line_number": 22
      },
      {
        "type": "Secret Keyword",
        "filename": "infrastructure/k8s/shared/external-secrets/manifests/staging/user-service-secrets.yaml",
        "hashed_secret": "a9f973a1123289d9e46ac7e0cc51ad833f41df75",
        "is_verified": false,
        "line_number": 26
      },
      {
        "type": "Secret Keyword",
        "filename": "infrastructure/k8s/shared/external-secrets/manifests/staging/user-service-secrets.yaml",
        "hashed_secret": "10e4350b9b3ae498943b890e97bfda3277dcac84",
        "is_verified": false,
        "line_number": 30
      },
      {
        "type": "Secret Keyword",
        "filename": "infrastructure/k8s/shared/external-secrets/manifests/staging/user-service-secrets.yaml",
        "hashed_secret": "d21f724a8a269261abee7dccf048bfbeeb2a06fd",
        "is_verified": false,
        "line_number": 34
      },
      {
        "type": "Secret Keyword",
        "filename": "infrastructure/k8s/shared/external-secrets/manifests/staging/user-service-secrets.yaml",
        "hashed_secret": "b16b59fb68ddd0312812962a2ff2534164f5513a",
        "is_verified": false,
        "line_number": 38
      }
    ],
    "infrastructure/k8s/shared/ingress/overlays/prod/kustomization.yaml": [
      {
        "type": "Secret Keyword",
        "filename": "infrastructure/k8s/shared/ingress/overlays/prod/kustomization.yaml",
        "hashed_secret": "9ddba700ca8a4b31bb7009cf55f8d6471ba4266b",
        "is_verified": false,
        "line_number": 6
      }
    ],
    "infrastructure/k8s/shared/ingress/overlays/staging/kustomization.yaml": [
      {
        "type": "Secret Keyword",
        "filename": "infrastructure/k8s/shared/ingress/overlays/staging/kustomization.yaml",
        "hashed_secret": "3b8f406f18c88aef699c0b7ae78ea661dfbea0e3",
        "is_verified": false,
        "line_number": 6
      }
    ],
    "infrastructure/terraform/cognito/terraform.tfvars.example": [
      {
        "type": "Secret Keyword",
        "filename": "infrastructure/terraform/cognito/terraform.tfvars.example",
        "hashed_secret": "ac371b6dcce28a86c90d12bc57d946a800eebf17",
        "is_verified": false,
        "line_number": 32
      }
    ],
    "infrastructure/terraform/secrets-manager/main.tf": [
      {
        "type": "Secret Keyword",
        "filename": "infrastructure/terraform/secrets-manager/main.tf",
        "hashed_secret": "9464ad1c6cf6feaaa0260721ca2293bdd7c10a18",
        "is_verified": false,
        "line_number": 32
      }
    ],
    "services/auth-service/src/main/resources/application-dev.yml": [
      {
        "type": "Secret Keyword",
        "filename": "services/auth-service/src/main/resources/application-dev.yml",
        "hashed_secret": "c879f946521b84d96c2d445caed56661704d66f6",
        "is_verified": false,
        "line_number": 23
      }
    ],
    "services/auth-service/src/test/java/io/github/joaosimsic/core/services/AuthServiceTest.java": [
      {
        "type": "Secret Keyword",
        "filename": "services/auth-service/src/test/java/io/github/joaosimsic/core/services/AuthServiceTest.java",
        "hashed_secret": "cbfdac6008f9cab4083784cbd1874f76618d2a97",
        "is_verified": false,
        "line_number": 52
      }
    ],
    "services/auth-service/src/test/java/io/github/joaosimsic/infrastructure/adapters/output/idp/CognitoAdapterTest.java": [
      {
        "type": "Secret Keyword",
        "filename": "services/auth-service/src/test/java/io/github/joaosimsic/infrastructure/adapters/output/idp/CognitoAdapterTest.java",
        "hashed_secret": "cbfdac6008f9cab4083784cbd1874f76618d2a97",
        "is_verified": false,
        "line_number": 75
      }
    ],
    "services/auth-service/src/test/java/io/github/joaosimsic/infrastructure/adapters/output/idp/KeycloakAdapterTest.java": [
      {
        "type": "Secret Keyword",
        "filename": "services/auth-service/src/test/java/io/github/joaosimsic/infrastructure/adapters/output/idp/KeycloakAdapterTest.java",
        "hashed_secret": "cbfdac6008f9cab4083784cbd1874f76618d2a97",
        "is_verified": false,
        "line_number": 67
      }
    ],
    "services/auth-service/src/test/resources/application-test.yml": [
      {
        "type": "Secret Keyword",
        "filename": "services/auth-service/src/test/resources/application-test.yml",
        "hashed_secret": "35675e68f4b5af7b995d9205ad0fc43842f16450",
        "is_verified": false,
        "line_number": 11
      },
      {
        "type": "Secret Keyword",
        "filename": "services/auth-service/src/test/resources/application-test.yml",
        "hashed_secret": "d033e22ae348aeb5660fc2140aec35850c4da997",
        "is_verified": false,
        "line_number": 27
      },
      {
        "type": "Secret Keyword",
        "filename": "services/auth-service/src/test/resources/application-test.yml",
        "hashed_secret": "03f5e2d670af3e9183f3fe790785b0d41291a17d",
        "is_verified": false,
        "line_number": 32
      }
    ],
    "services/user-service/src/main/java/io/github/joaosimsic/infrastructure/adapters/input/web/filters/GatewayAuthFilter.java": [
      {
        "type": "Secret Keyword",
        "filename": "services/user-service/src/main/java/io/github/joaosimsic/infrastructure/adapters/input/web/filters/GatewayAuthFilter.java",
        "hashed_secret": "2c5b66b3ffdcff3e8336db2272d2a3f16b0651ae",
        "is_verified": false,
        "line_number": 24
      }
    ],
    "services/user-service/src/test/resources/application-test.yml": [
      {
        "type": "Secret Keyword",
        "filename": "services/user-service/src/test/resources/application-test.yml",
        "hashed_secret": "20e75d8c225f48b7740362f0ee776c8fb7b221ca",
        "is_verified": false,
        "line_number": 6
      }
    ]
  },
  "generated_at": "2026-05-27T18:50:39Z"
}
